// Jest Snapshot v1, https://goo.gl/fbAQLP

exports[`hyphenateStyleName hyphenates WebKit CSS properties 1`] = `
Array [
  "-webkit-box-align",
  "-webkit-box-direction",
  "-webkit-box-flex",
  "-webkit-box-flex-group",
  "-webkit-box-lines",
  "-webkit-box-ordinal-group",
  "-webkit-box-orient",
  "-webkit-box-pack",
  "-webkit-scroll-snap-points-x",
  "-webkit-scroll-snap-points-y",
]
`;

exports[`hyphenateStyleName hyphenates border properties 1`] = `
Array [
  "border-block-color",
  "border-block-end-color",
  "border-block-end-style",
  "border-block-end-width",
  "border-block-start-color",
  "border-block-start-style",
  "border-block-start-width",
  "border-block-style",
  "border-block-width",
  "border-bottom-color",
  "border-bottom-left-radius",
  "border-bottom-right-radius",
  "border-bottom-style",
  "border-bottom-width",
  "border-collapse",
  "border-end-end-radius",
  "border-end-start-radius",
  "border-image-outset",
  "border-image-repeat",
  "border-image-slice",
  "border-image-source",
  "border-image-width",
  "border-inline-color",
  "border-inline-end-color",
  "border-inline-end-style",
  "border-inline-end-width",
  "border-inline-start-color",
  "border-inline-start-style",
  "border-inline-start-width",
  "border-inline-style",
  "border-inline-width",
  "border-left-color",
  "border-left-style",
  "border-left-width",
  "border-right-color",
  "border-right-style",
  "border-right-width",
  "border-spacing",
  "border-start-end-radius",
  "border-start-start-radius",
  "border-top-color",
  "border-top-left-radius",
  "border-top-right-radius",
  "border-top-style",
  "border-top-width",
]
`;
